  155p_ex6.cpp
C:\Users\user\Desktop\만도소프트웨어 수업\202515035\115p_ex6\115p_ex6\155p_ex6.cpp(4,9): warning C4477: 'printf' : 서식 문자열 '%d'에 'int' 형식의 인수가 필요하지만 variadic 인수 1의 형식이 'size_t'입니다.
      C:\Users\user\Desktop\만도소프트웨어 수업\202515035\115p_ex6\115p_ex6\155p_ex6.cpp(4,9):
      서식 문자열에서 '%zd'을(를) 사용하는 것이 좋습니다.
  
C:\Users\user\Desktop\만도소프트웨어 수업\202515035\115p_ex6\115p_ex6\155p_ex6.cpp(5,9): warning C4477: 'printf' : 서식 문자열 '%d'에 'int' 형식의 인수가 필요하지만 variadic 인수 1의 형식이 'size_t'입니다.
      C:\Users\user\Desktop\만도소프트웨어 수업\202515035\115p_ex6\115p_ex6\155p_ex6.cpp(5,9):
      서식 문자열에서 '%zd'을(를) 사용하는 것이 좋습니다.
  
C:\Users\user\Desktop\만도소프트웨어 수업\202515035\115p_ex6\115p_ex6\155p_ex6.cpp(6,9): warning C4477: 'printf' : 서식 문자열 '%d'에 'int' 형식의 인수가 필요하지만 variadic 인수 1의 형식이 'size_t'입니다.
      C:\Users\user\Desktop\만도소프트웨어 수업\202515035\115p_ex6\115p_ex6\155p_ex6.cpp(6,9):
      서식 문자열에서 '%zd'을(를) 사용하는 것이 좋습니다.
  
C:\Users\user\Desktop\만도소프트웨어 수업\202515035\115p_ex6\115p_ex6\155p_ex6.cpp(7,9): warning C4477: 'printf' : 서식 문자열 '%d'에 'int' 형식의 인수가 필요하지만 variadic 인수 1의 형식이 'size_t'입니다.
      C:\Users\user\Desktop\만도소프트웨어 수업\202515035\115p_ex6\115p_ex6\155p_ex6.cpp(7,9):
      서식 문자열에서 '%zd'을(를) 사용하는 것이 좋습니다.
  
C:\Users\user\Desktop\만도소프트웨어 수업\202515035\115p_ex6\115p_ex6\155p_ex6.cpp(8,9): warning C4477: 'printf' : 서식 문자열 '%d'에 'int' 형식의 인수가 필요하지만 variadic 인수 1의 형식이 'size_t'입니다.
      C:\Users\user\Desktop\만도소프트웨어 수업\202515035\115p_ex6\115p_ex6\155p_ex6.cpp(8,9):
      서식 문자열에서 '%zd'을(를) 사용하는 것이 좋습니다.
  
C:\Users\user\Desktop\만도소프트웨어 수업\202515035\115p_ex6\115p_ex6\155p_ex6.cpp(9,9): warning C4477: 'printf' : 서식 문자열 '%d'에 'int' 형식의 인수가 필요하지만 variadic 인수 1의 형식이 'size_t'입니다.
      C:\Users\user\Desktop\만도소프트웨어 수업\202515035\115p_ex6\115p_ex6\155p_ex6.cpp(9,9):
      서식 문자열에서 '%zd'을(를) 사용하는 것이 좋습니다.
  
C:\Users\user\Desktop\만도소프트웨어 수업\202515035\115p_ex6\115p_ex6\155p_ex6.cpp(10,9): warning C4477: 'printf' : 서식 문자열 '%d'에 'int' 형식의 인수가 필요하지만 variadic 인수 1의 형식이 'size_t'입니다.
      C:\Users\user\Desktop\만도소프트웨어 수업\202515035\115p_ex6\115p_ex6\155p_ex6.cpp(10,9):
      서식 문자열에서 '%zd'을(를) 사용하는 것이 좋습니다.
  
C:\Users\user\Desktop\만도소프트웨어 수업\202515035\115p_ex6\115p_ex6\155p_ex6.cpp(11,9): warning C4477: 'printf' : 서식 문자열 '%d'에 'int' 형식의 인수가 필요하지만 variadic 인수 1의 형식이 'size_t'입니다.
      C:\Users\user\Desktop\만도소프트웨어 수업\202515035\115p_ex6\115p_ex6\155p_ex6.cpp(11,9):
      서식 문자열에서 '%zd'을(를) 사용하는 것이 좋습니다.
  
C:\Users\user\Desktop\만도소프트웨어 수업\202515035\115p_ex6\115p_ex6\155p_ex6.cpp(12,9): warning C4477: 'printf' : 서식 문자열 '%d'에 'int' 형식의 인수가 필요하지만 variadic 인수 1의 형식이 'size_t'입니다.
      C:\Users\user\Desktop\만도소프트웨어 수업\202515035\115p_ex6\115p_ex6\155p_ex6.cpp(12,9):
      서식 문자열에서 '%zd'을(를) 사용하는 것이 좋습니다.
  
C:\Users\user\Desktop\만도소프트웨어 수업\202515035\115p_ex6\115p_ex6\155p_ex6.cpp(13,9): warning C4477: 'printf' : 서식 문자열 '%d'에 'int' 형식의 인수가 필요하지만 variadic 인수 1의 형식이 'size_t'입니다.
      C:\Users\user\Desktop\만도소프트웨어 수업\202515035\115p_ex6\115p_ex6\155p_ex6.cpp(13,9):
      서식 문자열에서 '%zd'을(를) 사용하는 것이 좋습니다.
  
C:\Users\user\Desktop\만도소프트웨어 수업\202515035\115p_ex6\115p_ex6\155p_ex6.cpp(14,9): warning C4477: 'printf' : 서식 문자열 '%d'에 'int' 형식의 인수가 필요하지만 variadic 인수 1의 형식이 'size_t'입니다.
      C:\Users\user\Desktop\만도소프트웨어 수업\202515035\115p_ex6\115p_ex6\155p_ex6.cpp(14,9):
      서식 문자열에서 '%zd'을(를) 사용하는 것이 좋습니다.
  
  115p_ex6.vcxproj -> C:\Users\user\Desktop\만도소프트웨어 수업\202515035\115p_ex6\x64\Debug\115p_ex6.exe
